Copyright 1986-2022 Xilinx, Inc. All Rights Reserved. Copyright 2022-2025 Advanced Micro Devices, Inc. All Rights Reserved.
----------------------------------------------------------------------------------------------------------------------------------------------------------------------------------
| Tool Version : Vivado v.2025.1 (win64) Build 6140274 Thu May 22 00:12:29 MDT 2025
| Date         : Sat Aug  1 02:48:20 2026
| Host         : Fortune running 64-bit major release  (build 9200)
| Command      : report_timing_summary -delay_type min_max -report_unconstrained -check_timing_verbose -file C:/tmp/basys3-adaptive-traffic-controller/reports/timing_summary.rpt
| Design       : traffic_controller_top
| Device       : 7a35t-cpg236
| Speed File   : -1  PRODUCTION 1.23 2018-06-13
| Design State : Routed
----------------------------------------------------------------------------------------------------------------------------------------------------------------------------------

Timing Summary Report

------------------------------------------------------------------------------------------------
| Timer Settings
| --------------
------------------------------------------------------------------------------------------------

  Enable Multi Corner Analysis               :  Yes
  Enable Pessimism Removal                   :  Yes
  Pessimism Removal Resolution               :  Nearest Common Node
  Enable Input Delay Default Clock           :  No
  Enable Preset / Clear Arcs                 :  No
  Disable Flight Delays                      :  No
  Ignore I/O Paths                           :  No
  Timing Early Launch at Borrowing Latches   :  No
  Borrow Time for Max Delay Exceptions       :  Yes
  Merge Timing Exceptions                    :  Yes
  Inter-SLR Compensation                     :  Conservative

  Corner  Analyze    Analyze
  Name    Max Paths  Min Paths
  ------  ---------  ---------
  Slow    Yes        Yes
  Fast    Yes        Yes


------------------------------------------------------------------------------------------------
| Report Methodology
| ------------------
------------------------------------------------------------------------------------------------

No report available as report_methodology has not been run prior. Run report_methodology on the current design for the summary of methodology violations.



check_timing report

Table of Contents
-----------------
1. checking no_clock (0)
2. checking constant_clock (0)
3. checking pulse_width_clock (0)
4. checking unconstrained_internal_endpoints (0)
5. checking no_input_delay (5)
6. checking no_output_delay (27)
7. checking multiple_clock (0)
8. checking generated_clocks (0)
9. checking loops (0)
10. checking partial_input_delay (0)
11. checking partial_output_delay (0)
12. checking latch_loops (0)

1. checking no_clock (0)
------------------------
 There are 0 register/latch pins with no clock.


2. checking constant_clock (0)
------------------------------
 There are 0 register/latch pins with constant_clock.


3. checking pulse_width_clock (0)
---------------------------------
 There are 0 register/latch pins which need pulse_width check


4. checking unconstrained_internal_endpoints (0)
------------------------------------------------
 There are 0 pins that are not constrained for maximum delay.

 There are 0 pins that are not constrained for maximum delay due to constant clock.


5. checking no_input_delay (5)
------------------------------
 There are 0 input ports with no input delay specified.

 There are 5 input ports with no input delay but user has a false path constraint. (MEDIUM)

btnC
btnU
sw_emergency
sw_ew_vehicle
sw_ns_vehicle


6. checking no_output_delay (27)
--------------------------------
 There are 0 ports with no output delay specified.

 There are 27 ports with no output delay but user has a false path constraint (MEDIUM)

an[0]
an[1]
an[2]
an[3]
led[0]
led[10]
led[11]
led[12]
led[13]
led[14]
led[15]
led[1]
led[2]
led[3]
led[4]
led[5]
led[6]
led[7]
led[8]
led[9]
seg[0]
seg[1]
seg[2]
seg[3]
seg[4]
seg[5]
seg[6]

 There are 0 ports with no output delay but with a timing clock defined on it or propagating through it


7. checking multiple_clock (0)
------------------------------
 There are 0 register/latch pins with multiple clocks.


8. checking generated_clocks (0)
--------------------------------
 There are 0 generated clocks that are not connected to a clock source.


9. checking loops (0)
---------------------
 There are 0 combinational loops in the design.


10. checking partial_input_delay (0)
------------------------------------
 There are 0 input ports with partial input delay specified.


11. checking partial_output_delay (0)
-------------------------------------
 There are 0 ports with partial output delay specified.


12. checking latch_loops (0)
----------------------------
 There are 0 combinational latch loops in the design through latch input



------------------------------------------------------------------------------------------------
| Design Timing Summary
| ---------------------
------------------------------------------------------------------------------------------------

    WNS(ns)      TNS(ns)  TNS Failing Endpoints  TNS Total Endpoints      WHS(ns)      THS(ns)  THS Failing Endpoints  THS Total Endpoints     WPWS(ns)     TPWS(ns)  TPWS Failing Endpoints  TPWS Total Endpoints
    -------      -------  ---------------------  -------------------      -------      -------  ---------------------  -------------------     --------     --------  ----------------------  --------------------
      1.089        0.000                      0                  281        0.122        0.000                      0                  281        4.500        0.000                       0                   140


All user specified timing constraints are met.


------------------------------------------------------------------------------------------------
| Clock Summary
| -------------
------------------------------------------------------------------------------------------------

Clock        Waveform(ns)       Period(ns)      Frequency(MHz)
-----        ------------       ----------      --------------
sys_clk_pin  {0.000 5.000}      10.000          100.000


------------------------------------------------------------------------------------------------
| Intra Clock Table
| -----------------
------------------------------------------------------------------------------------------------

Clock             WNS(ns)      TNS(ns)  TNS Failing Endpoints  TNS Total Endpoints      WHS(ns)      THS(ns)  THS Failing Endpoints  THS Total Endpoints     WPWS(ns)     TPWS(ns)  TPWS Failing Endpoints  TPWS Total Endpoints
-----             -------      -------  ---------------------  -------------------      -------      -------  ---------------------  -------------------     --------     --------  ----------------------  --------------------
sys_clk_pin         1.089        0.000                      0                  281        0.122        0.000                      0                  281        4.500        0.000                       0                   140


------------------------------------------------------------------------------------------------
| Inter Clock Table
| -----------------
------------------------------------------------------------------------------------------------

From Clock    To Clock          WNS(ns)      TNS(ns)  TNS Failing Endpoints  TNS Total Endpoints      WHS(ns)      THS(ns)  THS Failing Endpoints  THS Total Endpoints
----------    --------          -------      -------  ---------------------  -------------------      -------      -------  ---------------------  -------------------


------------------------------------------------------------------------------------------------
| Other Path Groups Table
| -----------------------
------------------------------------------------------------------------------------------------

Path Group    From Clock    To Clock          WNS(ns)      TNS(ns)  TNS Failing Endpoints  TNS Total Endpoints      WHS(ns)      THS(ns)  THS Failing Endpoints  THS Total Endpoints
----------    ----------    --------          -------      -------  ---------------------  -------------------      -------      -------  ---------------------  -------------------


------------------------------------------------------------------------------------------------
| User Ignored Path Table
| -----------------------
------------------------------------------------------------------------------------------------

Path Group    From Clock    To Clock
----------    ----------    --------
(none)        sys_clk_pin
(none)                      sys_clk_pin


------------------------------------------------------------------------------------------------
| Unconstrained Path Table
| ------------------------
------------------------------------------------------------------------------------------------

Path Group    From Clock    To Clock
----------    ----------    --------


------------------------------------------------------------------------------------------------
| Timing Details
| --------------
------------------------------------------------------------------------------------------------


---------------------------------------------------------------------------------------------------
From Clock:  sys_clk_pin
  To Clock:  sys_clk_pin

Setup :            0  Failing Endpoints,  Worst Slack        1.089ns,  Total Violation        0.000ns
Hold  :            0  Failing Endpoints,  Worst Slack        0.122ns,  Total Violation        0.000ns
PW    :            0  Failing Endpoints,  Worst Slack        4.500ns,  Total Violation        0.000ns
---------------------------------------------------------------------------------------------------


Max Delay Paths
--------------------------------------------------------------------------------------
Slack (MET) :             1.089ns  (required time - arrival time)
  Source:                 u_controller/state_elapsed_ticks_o_reg[2]/C
                            (rising edge-triggered cell FDRE clocked by sys_clk_pin  {rise@0.000ns fall@5.000ns period=10.000ns})
  Destination:            u_controller/state_elapsed_ticks_o_reg[4]/R
                            (rising edge-triggered cell FDRE clocked by sys_clk_pin  {rise@0.000ns fall@5.000ns period=10.000ns})
  Path Group:             sys_clk_pin
  Path Type:              Setup (Max at Slow Process Corner)
  Requirement:            10.000ns  (sys_clk_pin rise@10.000ns - sys_clk_pin rise@0.000ns)
  Data Path Delay:        8.410ns  (logic 3.081ns (36.634%)  route 5.329ns (63.366%))
  Logic Levels:           14  (CARRY4=7 LUT3=1 LUT4=1 LUT5=1 LUT6=4)
  Clock Path Skew:        -0.036ns (DCD - SCD + CPR)
    Destination Clock Delay (DCD):    4.842ns = ( 14.842 - 10.000 )
    Source Clock Delay      (SCD):    5.138ns
    Clock Pessimism Removal (CPR):    0.260ns
  Clock Uncertainty:      0.035ns  ((TSJ^2 + TIJ^2)^1/2 + DJ) / 2 + PE
    Total System Jitter     (TSJ):    0.071ns
    Total Input Jitter      (TIJ):    0.000ns
    Discrete Jitter          (DJ):    0.000ns
    Phase Error              (PE):    0.000ns

    Location             Delay type                Incr(ns)  Path(ns)    Netlist Resource(s)
  -------------------------------------------------------------------    -------------------
                         (clock sys_clk_pin rise edge)
                                                      0.000     0.000 r
    W5                                                0.000     0.000 r  clk (IN)
                         net (fo=0)                   0.000     0.000    clk
    W5                   IBUF (Prop_ibuf_I_O)         1.458     1.458 r  clk_IBUF_inst/O
                         net (fo=1, routed)           1.967     3.425    clk_IBUF
    BUFGCTRL_X0Y0        BUFG (Prop_bufg_I_O)         0.096     3.521 r  clk_IBUF_BUFG_inst/O
                         net (fo=139, routed)         1.617     5.138    u_controller/clk_IBUF_BUFG
    SLICE_X61Y24         FDRE                                         r  u_controller/state_elapsed_ticks_o_reg[2]/C
  -------------------------------------------------------------------    -------------------
    SLICE_X61Y24         FDRE (Prop_fdre_C_Q)         0.456     5.594 r  u_controller/state_elapsed_ticks_o_reg[2]/Q
                         net (fo=5, routed)           0.497     6.091    u_controller/state_elapsed_ticks_o_reg[2]
    SLICE_X62Y24         CARRY4 (Prop_carry4_S[1]_CO[3])
                                                      0.674     6.765 r  u_controller/state_q_reg[3]_i_13/CO[3]
                         net (fo=1, routed)           0.009     6.774    u_controller/state_q_reg[3]_i_13_n_0
    SLICE_X62Y25         CARRY4 (Prop_carry4_CI_CO[3])
                                                      0.114     6.888 r  u_controller/state_q_reg[3]_i_30/CO[3]
                         net (fo=1, routed)           0.000     6.888    u_controller/state_q_reg[3]_i_30_n_0
    SLICE_X62Y26         CARRY4 (Prop_carry4_CI_CO[3])
                                                      0.114     7.002 r  u_controller/state_q_reg[3]_i_19/CO[3]
                         net (fo=1, routed)           0.000     7.002    u_controller/state_q_reg[3]_i_19_n_0
    SLICE_X62Y27         CARRY4 (Prop_carry4_CI_CO[3])
                                                      0.114     7.116 r  u_controller/state_q_reg[3]_i_20/CO[3]
                         net (fo=1, routed)           0.000     7.116    u_controller/state_q_reg[3]_i_20_n_0
    SLICE_X62Y28         CARRY4 (Prop_carry4_CI_CO[3])
                                                      0.114     7.230 r  u_controller/state_q_reg[3]_i_18/CO[3]
                         net (fo=1, routed)           0.000     7.230    u_controller/state_q_reg[3]_i_18_n_0
    SLICE_X62Y29         CARRY4 (Prop_carry4_CI_CO[3])
                                                      0.114     7.344 r  u_controller/state_q_reg[3]_i_27/CO[3]
                         net (fo=1, routed)           0.000     7.344    u_controller/state_q_reg[3]_i_27_n_0
    SLICE_X62Y30         CARRY4 (Prop_carry4_CI_O[1])
                                                      0.334     7.678 f  u_controller/state_q_reg[3]_i_29/O[1]
                         net (fo=1, routed)           0.412     8.090    u_controller/elapsed_after_tick[26]
    SLICE_X63Y28         LUT4 (Prop_lut4_I0_O)        0.303     8.393 f  u_controller/state_q[3]_i_22/O
                         net (fo=1, routed)           0.407     8.800    u_controller/state_q[3]_i_22_n_0
    SLICE_X63Y28         LUT6 (Prop_lut6_I5_O)        0.124     8.924 f  u_controller/state_q[3]_i_14/O
                         net (fo=7, routed)           0.883     9.807    u_controller/state_q[3]_i_14_n_0
    SLICE_X65Y25         LUT3 (Prop_lut3_I0_O)        0.124     9.931 f  u_controller/state_q[0]_i_11/O
                         net (fo=1, routed)           0.434    10.365    u_controller/state_q[0]_i_11_n_0
    SLICE_X65Y26         LUT6 (Prop_lut6_I1_O)        0.124    10.489 f  u_controller/state_q[0]_i_6/O
                         net (fo=1, routed)           0.798    11.287    u_controller/state_q[0]_i_6_n_0
    SLICE_X65Y27         LUT6 (Prop_lut6_I4_O)        0.124    11.411 r  u_controller/state_q[0]_i_2/O
                         net (fo=2, routed)           0.672    12.083    u_controller/state_q[0]_i_2_n_0
    SLICE_X64Y28         LUT6 (Prop_lut6_I5_O)        0.124    12.207 r  u_controller/state_q[3]_i_2/O
                         net (fo=5, routed)           0.504    12.711    u_controller/state_q[3]_i_2_n_0
    SLICE_X60Y29         LUT5 (Prop_lut5_I0_O)        0.124    12.835 r  u_controller/state_elapsed_ticks_o[0]_i_1/O
                         net (fo=32, routed)          0.714    13.549    u_controller/state_elapsed_ticks_o[0]_i_1_n_0
    SLICE_X61Y25         FDRE                                         r  u_controller/state_elapsed_ticks_o_reg[4]/R
  -------------------------------------------------------------------    -------------------

                         (clock sys_clk_pin rise edge)
                                                     10.000    10.000 r
    W5                                                0.000    10.000 r  clk (IN)
                         net (fo=0)                   0.000    10.000    clk
    W5                   IBUF (Prop_ibuf_I_O)         1.388    11.388 r  clk_IBUF_inst/O
                         net (fo=1, routed)           1.862    13.250    clk_IBUF
    BUFGCTRL_X0Y0        BUFG (Prop_bufg_I_O)         0.091    13.341 r  clk_IBUF_BUFG_inst/O
                         net (fo=139, routed)         1.501    14.842    u_controller/clk_IBUF_BUFG
    SLICE_X61Y25         FDRE                                         r  u_controller/state_elapsed_ticks_o_reg[4]/C
                         clock pessimism              0.260    15.102
                         clock uncertainty           -0.035    15.067
    SLICE_X61Y25         FDRE (Setup_fdre_C_R)       -0.429    14.638    u_controller/state_elapsed_ticks_o_reg[4]
  -------------------------------------------------------------------
                         required time                         14.638
                         arrival time                         -13.549
  -------------------------------------------------------------------
                         slack                                  1.089





Min Delay Paths
--------------------------------------------------------------------------------------
Slack (MET) :             0.122ns  (arrival time - required time)
  Source:                 u_input_synchronizer/sync_ff1_reg[0]/C
                            (rising edge-triggered cell FDRE clocked by sys_clk_pin  {rise@0.000ns fall@5.000ns period=10.000ns})
  Destination:            u_input_synchronizer/sync_ff2_reg[0]/D
                            (rising edge-triggered cell FDRE clocked by sys_clk_pin  {rise@0.000ns fall@5.000ns period=10.000ns})
  Path Group:             sys_clk_pin
  Path Type:              Hold (Min at Fast Process Corner)
  Requirement:            0.000ns  (sys_clk_pin rise@0.000ns - sys_clk_pin rise@0.000ns)
  Data Path Delay:        0.197ns  (logic 0.141ns (71.611%)  route 0.056ns (28.389%))
  Logic Levels:           0
  Clock Path Skew:        0.000ns (DCD - SCD - CPR)
    Destination Clock Delay (DCD):    1.981ns
    Source Clock Delay      (SCD):    1.468ns
    Clock Pessimism Removal (CPR):    0.513ns

    Location             Delay type                Incr(ns)  Path(ns)    Netlist Resource(s)
  -------------------------------------------------------------------    -------------------
                         (clock sys_clk_pin rise edge)
                                                      0.000     0.000 r
    W5                                                0.000     0.000 r  clk (IN)
                         net (fo=0)                   0.000     0.000    clk
    W5                   IBUF (Prop_ibuf_I_O)         0.226     0.226 r  clk_IBUF_inst/O
                         net (fo=1, routed)           0.631     0.858    clk_IBUF
    BUFGCTRL_X0Y0        BUFG (Prop_bufg_I_O)         0.026     0.884 r  clk_IBUF_BUFG_inst/O
                         net (fo=139, routed)         0.585     1.468    u_input_synchronizer/clk_IBUF_BUFG
    SLICE_X65Y28         FDRE                                         r  u_input_synchronizer/sync_ff1_reg[0]/C
  -------------------------------------------------------------------    -------------------
    SLICE_X65Y28         FDRE (Prop_fdre_C_Q)         0.141     1.609 r  u_input_synchronizer/sync_ff1_reg[0]/Q
                         net (fo=1, routed)           0.056     1.665    u_input_synchronizer/sync_ff1[0]
    SLICE_X65Y28         FDRE                                         r  u_input_synchronizer/sync_ff2_reg[0]/D
  -------------------------------------------------------------------    -------------------

                         (clock sys_clk_pin rise edge)
                                                      0.000     0.000 r
    W5                                                0.000     0.000 r  clk (IN)
                         net (fo=0)                   0.000     0.000    clk
    W5                   IBUF (Prop_ibuf_I_O)         0.414     0.414 r  clk_IBUF_inst/O
                         net (fo=1, routed)           0.685     1.099    clk_IBUF
    BUFGCTRL_X0Y0        BUFG (Prop_bufg_I_O)         0.029     1.128 r  clk_IBUF_BUFG_inst/O
                         net (fo=139, routed)         0.854     1.981    u_input_synchronizer/clk_IBUF_BUFG
    SLICE_X65Y28         FDRE                                         r  u_input_synchronizer/sync_ff2_reg[0]/C
                         clock pessimism             -0.513     1.468
    SLICE_X65Y28         FDRE (Hold_fdre_C_D)         0.075     1.543    u_input_synchronizer/sync_ff2_reg[0]
  -------------------------------------------------------------------
                         required time                         -1.543
                         arrival time                           1.665
  -------------------------------------------------------------------
                         slack                                  0.122





Pulse Width Checks
--------------------------------------------------------------------------------------
Clock Name:         sys_clk_pin
Waveform(ns):       { 0.000 5.000 }
Period(ns):         10.000
Sources:            { clk }

Check Type        Corner  Lib Pin  Reference Pin  Required(ns)  Actual(ns)  Slack(ns)  Location       Pin
Min Period        n/a     BUFG/I   n/a            2.155         10.000      7.845      BUFGCTRL_X0Y0  clk_IBUF_BUFG_inst/I
Low Pulse Width   Slow    FDRE/C   n/a            0.500         5.000       4.500      SLICE_X54Y23   power_on_reset_reg/C
High Pulse Width  Slow    FDRE/C   n/a            0.500         5.000       4.500      SLICE_X54Y23   power_on_reset_reg/C



--------------------------------------------------------------------------------------
Path Group:  (none)
From Clock:  sys_clk_pin
  To Clock:

Max Delay            27 Endpoints
Min Delay            27 Endpoints
--------------------------------------------------------------------------------------


Max Delay Paths
--------------------------------------------------------------------------------------
Slack:                    inf
  Source:                 u_controller/state_q_reg[2]/C
                            (rising edge-triggered cell FDRE clocked by sys_clk_pin  {rise@0.000ns fall@5.000ns period=10.000ns})
  Destination:            seg[4]
                            (output port)
  Path Group:             (none)
  Path Type:              Max at Slow Process Corner
  Data Path Delay:        18.131ns  (logic 7.010ns (38.662%)  route 11.122ns (61.338%))
  Logic Levels:           17  (CARRY4=8 LUT3=1 LUT4=1 LUT5=1 LUT6=5 OBUF=1)
  Clock Uncertainty:      0.025ns  ((TSJ^2 + TIJ^2)^1/2 + DJ) / 2 + PE
    Total System Jitter     (TSJ):    0.050ns
    Total Input Jitter      (TIJ):    0.000ns
    Discrete Jitter          (DJ):    0.000ns
    Phase Error              (PE):    0.000ns
  Timing Exception:       False Path

    Location             Delay type                Incr(ns)  Path(ns)    Netlist Resource(s)
  -------------------------------------------------------------------    -------------------
                         (clock sys_clk_pin rise edge)
                                                      0.000     0.000 r
    W5                                                0.000     0.000 r  clk (IN)
                         net (fo=0)                   0.000     0.000    clk
    W5                   IBUF (Prop_ibuf_I_O)         1.458     1.458 r  clk_IBUF_inst/O
                         net (fo=1, routed)           1.967     3.425    clk_IBUF
    BUFGCTRL_X0Y0        BUFG (Prop_bufg_I_O)         0.096     3.521 r  clk_IBUF_BUFG_inst/O
                         net (fo=139, routed)         1.624     5.145    u_controller/clk_IBUF_BUFG
    SLICE_X64Y28         FDRE                                         r  u_controller/state_q_reg[2]/C
  -------------------------------------------------------------------    -------------------
    SLICE_X64Y28         FDRE (Prop_fdre_C_Q)         0.518     5.663 r  u_controller/state_q_reg[2]/Q
                         net (fo=43, routed)          2.632     8.295    u_controller/led_OBUF[11]
    SLICE_X59Y24         LUT5 (Prop_lut5_I2_O)        0.124     8.419 r  u_controller/seg_OBUF[6]_inst_i_36/O
                         net (fo=1, routed)           0.000     8.419    u_controller/seg_OBUF[6]_inst_i_36_n_0
    SLICE_X59Y24         CARRY4 (Prop_carry4_S[1]_CO[3])
                                                      0.550     8.969 r  u_controller/seg_OBUF[6]_inst_i_14/CO[3]
                         net (fo=1, routed)           0.009     8.978    u_controller/seg_OBUF[6]_inst_i_14_n_0
    SLICE_X59Y25         CARRY4 (Prop_carry4_CI_CO[3])
                                                      0.114     9.092 r  u_controller/seg_OBUF[6]_inst_i_41/CO[3]
                         net (fo=1, routed)           0.000     9.092    u_controller/seg_OBUF[6]_inst_i_41_n_0
    SLICE_X59Y26         CARRY4 (Prop_carry4_CI_CO[3])
                                                      0.114     9.206 r  u_controller/seg_OBUF[6]_inst_i_45/CO[3]
                         net (fo=1, routed)           0.000     9.206    u_controller/seg_OBUF[6]_inst_i_45_n_0
    SLICE_X59Y27         CARRY4 (Prop_carry4_CI_CO[3])
                                                      0.114     9.320 r  u_controller/seg_OBUF[6]_inst_i_44/CO[3]
                         net (fo=1, routed)           0.000     9.320    u_controller/seg_OBUF[6]_inst_i_44_n_0
    SLICE_X59Y28         CARRY4 (Prop_carry4_CI_CO[3])
                                                      0.114     9.434 r  u_controller/seg_OBUF[6]_inst_i_46/CO[3]
                         net (fo=1, routed)           0.000     9.434    u_controller/seg_OBUF[6]_inst_i_46_n_0
    SLICE_X59Y29         CARRY4 (Prop_carry4_CI_CO[3])
                                                      0.114     9.548 r  u_controller/seg_OBUF[6]_inst_i_48/CO[3]
                         net (fo=1, routed)           0.000     9.548    u_controller/seg_OBUF[6]_inst_i_48_n_0
    SLICE_X59Y30         CARRY4 (Prop_carry4_CI_CO[3])
                                                      0.114     9.662 r  u_controller/seg_OBUF[6]_inst_i_47/CO[3]
                         net (fo=1, routed)           0.000     9.662    u_controller/seg_OBUF[6]_inst_i_47_n_0
    SLICE_X59Y31         CARRY4 (Prop_carry4_CI_O[1])
                                                      0.334     9.996 f  u_controller/seg_OBUF[6]_inst_i_58/O[1]
                         net (fo=1, routed)           0.819    10.816    u_controller/state_remaining_ticks_o0[29]
    SLICE_X58Y29         LUT6 (Prop_lut6_I0_O)        0.303    11.119 f  u_controller/seg_OBUF[6]_inst_i_42/O
                         net (fo=1, routed)           1.030    12.148    u_controller/seg_OBUF[6]_inst_i_42_n_0
    SLICE_X58Y28         LUT6 (Prop_lut6_I0_O)        0.124    12.272 f  u_controller/seg_OBUF[6]_inst_i_22/O
                         net (fo=8, routed)           1.071    13.343    u_controller/seg_OBUF[6]_inst_i_22_n_0
    SLICE_X60Y24         LUT4 (Prop_lut4_I2_O)        0.124    13.467 f  u_controller/seg_OBUF[6]_inst_i_15/O
                         net (fo=8, routed)           0.869    14.336    u_controller/seg_OBUF[6]_inst_i_15_n_0
    SLICE_X58Y23         LUT6 (Prop_lut6_I1_O)        0.124    14.460 r  u_controller/seg_OBUF[6]_inst_i_25/O
                         net (fo=1, routed)           1.148    15.609    u_controller/seg_OBUF[6]_inst_i_25_n_0
    SLICE_X60Y21         LUT6 (Prop_lut6_I0_O)        0.124    15.733 r  u_controller/seg_OBUF[6]_inst_i_9/O
                         net (fo=1, routed)           0.801    16.533    u_controller/seg_OBUF[6]_inst_i_9_n_0
    SLICE_X60Y22         LUT6 (Prop_lut6_I5_O)        0.124    16.657 f  u_controller/seg_OBUF[6]_inst_i_2/O
                         net (fo=7, routed)           1.032    17.689    u_controller/seg_OBUF[6]_inst_i_2_n_0
    SLICE_X62Y22         LUT3 (Prop_lut3_I2_O)        0.154    17.843 r  u_controller/seg_OBUF[4]_inst_i_1/O
                         net (fo=1, routed)           1.711    19.554    seg_OBUF[4]
    U5                   OBUF (Prop_obuf_I_O)         3.723    23.277 r  seg_OBUF[4]_inst/O
                         net (fo=0)                   0.000    23.277    seg[4]
    U5                                                                r  seg[4] (OUT)
  -------------------------------------------------------------------    -------------------





Min Delay Paths
--------------------------------------------------------------------------------------
Slack:                    inf
  Source:                 u_controller/state_q_reg[0]/C
                            (rising edge-triggered cell FDRE clocked by sys_clk_pin  {rise@0.000ns fall@5.000ns period=10.000ns})
  Destination:            led[11]
                            (output port)
  Path Group:             (none)
  Path Type:              Min at Fast Process Corner
  Data Path Delay:        1.836ns  (logic 1.369ns (74.570%)  route 0.467ns (25.430%))
  Logic Levels:           1  (OBUF=1)
  Clock Uncertainty:      0.025ns  ((TSJ^2 + TIJ^2)^1/2 + DJ) / 2 + PE
    Total System Jitter     (TSJ):    0.050ns
    Total Input Jitter      (TIJ):    0.000ns
    Discrete Jitter          (DJ):    0.000ns
    Phase Error              (PE):    0.000ns
  Timing Exception:       False Path

    Location             Delay type                Incr(ns)  Path(ns)    Netlist Resource(s)
  -------------------------------------------------------------------    -------------------
                         (clock sys_clk_pin rise edge)
                                                      0.000     0.000 r
    W5                                                0.000     0.000 r  clk (IN)
                         net (fo=0)                   0.000     0.000    clk
    W5                   IBUF (Prop_ibuf_I_O)         0.226     0.226 r  clk_IBUF_inst/O
                         net (fo=1, routed)           0.631     0.858    clk_IBUF
    BUFGCTRL_X0Y0        BUFG (Prop_bufg_I_O)         0.026     0.884 r  clk_IBUF_BUFG_inst/O
                         net (fo=139, routed)         0.586     1.469    u_controller/clk_IBUF_BUFG
    SLICE_X64Y29         FDRE                                         r  u_controller/state_q_reg[0]/C
  -------------------------------------------------------------------    -------------------
    SLICE_X64Y29         FDRE (Prop_fdre_C_Q)         0.164     1.633 r  u_controller/state_q_reg[0]/Q
                         net (fo=37, routed)          0.467     2.100    led_OBUF[11]
    U3                   OBUF (Prop_obuf_I_O)         1.205     3.305 r  led_OBUF[11]_inst/O
                         net (fo=0)                   0.000     3.305    led[11]
    U3                                                                r  led[11] (OUT)
  -------------------------------------------------------------------    -------------------





--------------------------------------------------------------------------------------
Path Group:  (none)
From Clock:
  To Clock:  sys_clk_pin

Max Delay             5 Endpoints
Min Delay             5 Endpoints
--------------------------------------------------------------------------------------


Max Delay Paths
--------------------------------------------------------------------------------------
Slack:                    inf
  Source:                 sw_ns_vehicle
                            (input port)
  Destination:            u_input_synchronizer/sync_ff1_reg[0]/D
                            (rising edge-triggered cell FDRE clocked by sys_clk_pin  {rise@0.000ns fall@5.000ns period=10.000ns})
  Path Group:             (none)
  Path Type:              Setup (Max at Slow Process Corner)
  Data Path Delay:        4.887ns  (logic 1.453ns (29.726%)  route 3.435ns (70.274%))
  Logic Levels:           1  (IBUF=1)
  Clock Path Skew:        4.848ns (DCD - SCD + CPR)
    Destination Clock Delay (DCD):    4.848ns
    Source Clock Delay      (SCD):    0.000ns
    Clock Pessimism Removal (CPR):    0.000ns
  Clock Uncertainty:      0.025ns  ((TSJ^2 + TIJ^2)^1/2 + DJ) / 2 + PE
    Total System Jitter     (TSJ):    0.050ns
    Total Input Jitter      (TIJ):    0.000ns
    Discrete Jitter          (DJ):    0.000ns
    Phase Error              (PE):    0.000ns
  Timing Exception:       False Path

    Location             Delay type                Incr(ns)  Path(ns)    Netlist Resource(s)
  -------------------------------------------------------------------    -------------------
    V17                                               0.000     0.000 r  sw_ns_vehicle (IN)
                         net (fo=0)                   0.000     0.000    sw_ns_vehicle
    V17                  IBUF (Prop_ibuf_I_O)         1.453     1.453 r  sw_ns_vehicle_IBUF_inst/O
                         net (fo=1, routed)           3.435     4.887    u_input_synchronizer/in0[0]
    SLICE_X65Y28         FDRE                                         r  u_input_synchronizer/sync_ff1_reg[0]/D
  -------------------------------------------------------------------    -------------------

                         (clock sys_clk_pin rise edge)
                                                      0.000     0.000 r
    W5                                                0.000     0.000 r  clk (IN)
                         net (fo=0)                   0.000     0.000    clk
    W5                   IBUF (Prop_ibuf_I_O)         1.388     1.388 r  clk_IBUF_inst/O
                         net (fo=1, routed)           1.862     3.250    clk_IBUF
    BUFGCTRL_X0Y0        BUFG (Prop_bufg_I_O)         0.091     3.341 r  clk_IBUF_BUFG_inst/O
                         net (fo=139, routed)         1.507     4.848    u_input_synchronizer/clk_IBUF_BUFG
    SLICE_X65Y28         FDRE                                         r  u_input_synchronizer/sync_ff1_reg[0]/C





Min Delay Paths
--------------------------------------------------------------------------------------
Slack:                    inf
  Source:                 sw_emergency
                            (input port)
  Destination:            u_input_synchronizer/sync_ff1_reg[2]/D
                            (rising edge-triggered cell FDRE clocked by sys_clk_pin  {rise@0.000ns fall@5.000ns period=10.000ns})
  Path Group:             (none)
  Path Type:              Hold (Min at Fast Process Corner)
  Data Path Delay:        0.760ns  (logic 0.224ns (29.525%)  route 0.535ns (70.475%))
  Logic Levels:           1  (IBUF=1)
  Clock Path Skew:        1.987ns (DCD - SCD - CPR)
    Destination Clock Delay (DCD):    1.987ns
    Source Clock Delay      (SCD):    0.000ns
    Clock Pessimism Removal (CPR):    -0.000ns
  Timing Exception:       False Path

    Location             Delay type                Incr(ns)  Path(ns)    Netlist Resource(s)
  -------------------------------------------------------------------    -------------------
    R2                                                0.000     0.000 r  sw_emergency (IN)
                         net (fo=0)                   0.000     0.000    sw_emergency
    R2                   IBUF (Prop_ibuf_I_O)         0.224     0.224 r  sw_emergency_IBUF_inst/O
                         net (fo=1, routed)           0.535     0.760    u_input_synchronizer/in0[2]
    SLICE_X64Y34         FDRE                                         r  u_input_synchronizer/sync_ff1_reg[2]/D
  -------------------------------------------------------------------    -------------------

                         (clock sys_clk_pin rise edge)
                                                      0.000     0.000 r
    W5                                                0.000     0.000 r  clk (IN)
                         net (fo=0)                   0.000     0.000    clk
    W5                   IBUF (Prop_ibuf_I_O)         0.414     0.414 r  clk_IBUF_inst/O
                         net (fo=1, routed)           0.685     1.099    clk_IBUF
    BUFGCTRL_X0Y0        BUFG (Prop_bufg_I_O)         0.029     1.128 r  clk_IBUF_BUFG_inst/O
                         net (fo=139, routed)         0.860     1.987    u_input_synchronizer/clk_IBUF_BUFG
    SLICE_X64Y34         FDRE                                         r  u_input_synchronizer/sync_ff1_reg[2]/C


